jpuigcerver@fp:~ $ mkdir -p ~/git_avancat_exericici
jpuigcerver@fp:~ $ cd ~/git_avancat_exericici
jpuigcerver@fp:~/git_avancat_exericici $ git init
Initialized empty Git repository in ~/git_avancat_exericici/.git/
jpuigcerver@fp:~/git_avancat_exericici (main) $ git branch -m main
jpuigcerver@fp:~/git_avancat_exericici (main) $ echo "# Exerici Git avançat" > README.md
jpuigcerver@fp:~/git_avancat_exericici (main) $ git add README.md
jpuigcerver@fp:~/git_avancat_exericici (main) $ git commit -m "Commit inicial"
[main (root-commit) cca01c4] Commit inicial
 1 file changed, 1 insertion(+)
 create mode 100644 README.md
jpuigcerver@fp:~/git_avancat_exericici (main) $ git branch canvis
jpuigcerver@fp:~/git_avancat_exericici (main) $ git branch canvi/A
jpuigcerver@fp:~/git_avancat_exericici (main) $ git branch canvi/B
jpuigcerver@fp:~/git_avancat_exericici (main) $ git branch canvi/C
jpuigcerver@fp:~/git_avancat_exericici (main) $ git checkout canvis
Switched to branch 'canvis'
jpuigcerver@fp:~/git_avancat_exericici (canvis) $ echo "__Canvis__: " >> README.md
jpuigcerver@fp:~/git_avancat_exericici (canvis) $ git commit -a -m "Canvis"
[canvis f872a43] Canvis
 1 file changed, 1 insertion(+)
jpuigcerver@fp:~/git_avancat_exericici (canvis) $ git checkout canvi/A
Switched to branch 'canvi/A'
jpuigcerver@fp:~/git_avancat_exericici (canvi/A) $ echo "- Canvi A" >> README.md
jpuigcerver@fp:~/git_avancat_exericici (canvi/A) $ git commit -a -m "canviA"
[canvi/A 4060f3a] canviA
 1 file changed, 1 insertion(+)
jpuigcerver@fp:~/git_avancat_exericici (canvi/A) $ git checkout canvi/B
Switched to branch 'canvi/B'
jpuigcerver@fp:~/git_avancat_exericici (canvi/B) $ echo "- Canvi B" >> README.md
jpuigcerver@fp:~/git_avancat_exericici (canvi/B) $ git commit -a -m "Canvi B"
[canvi/B dc48c81] Canvi B
 1 file changed, 1 insertion(+)
jpuigcerver@fp:~/git_avancat_exericici (canvi/B) $ git checkout canvi/C
Switched to branch 'canvi/C'
jpuigcerver@fp:~/git_avancat_exericici (canvi/C) $ echo "- Canvi C" >> README.md
jpuigcerver@fp:~/git_avancat_exericici (canvi/C) $ git commit -a -m "Canvi C"
[canvi/C 1c6a633] Canvi C
 1 file changed, 1 insertion(+)
jpuigcerver@fp:~/git_avancat_exericici (canvi/C) $ git checkout canvi/B
Switched to branch 'canvi/B'
jpuigcerver@fp:~/git_avancat_exericici (canvi/B) $ git merge --no-ff canvi/A
Auto-merging README.md
CONFLICT (content): Merge conflict in README.md
Automatic merge failed; fix conflicts and then commit the result.
jpuigcerver@fp:~/git_avancat_exericici (canvi/B|MERGING) $ sed -i '/^<<<<<<<.*$/d; /^=======/d; /^>>>>>>>.*$/d' README.md # Elimina les marques de conflicte
jpuigcerver@fp:~/git_avancat_exericici (canvi/B|MERGING) $ git commit -a -m "Merge 'canvi/A' a 'canvi/B'"
[canvi/B ab98f7b] Merge 'canvi/A' a 'canvi/B'
jpuigcerver@fp:~/git_avancat_exericici (canvi/B) $ git checkout canvi/C
Switched to branch 'canvi/C'
jpuigcerver@fp:~/git_avancat_exericici (canvi/C) $ git merge --no-ff canvi/B
Auto-merging README.md
CONFLICT (content): Merge conflict in README.md
Automatic merge failed; fix conflicts and then commit the result.
jpuigcerver@fp:~/git_avancat_exericici (canvi/C|MERGING) $ sed -i '/^<<<<<<<.*$/d; /^=======/d; /^>>>>>>>.*$/d' README.md
jpuigcerver@fp:~/git_avancat_exericici (canvi/C|MERGING) $ git commit -a -m "Merge 'canvi/B' a 'canvi/C'"
[canvi/C 47b307d] Merge 'canvi/B' a 'canvi/C'
jpuigcerver@fp:~/git_avancat_exericici (canvi/C) $ git checkout canvis
Switched to branch 'canvis'
jpuigcerver@fp:~/git_avancat_exericici (canvis) $ git merge --no-ff canvi/C
Auto-merging README.md
CONFLICT (content): Merge conflict in README.md
Automatic merge failed; fix conflicts and then commit the result.
jpuigcerver@fp:~/git_avancat_exericici (canvis|MERGING) $ sed -i '/^<<<<<<<.*$/d; /^=======/d; /^>>>>>>>.*$/d' README.md
jpuigcerver@fp:~/git_avancat_exericici (canvis|MERGING) $ git commit -a -m "Merge 'canvi/C' a 'canvis'"
[canvis b1d1706] Merge 'canvi/C' a 'canvis'
jpuigcerver@fp:~/git_avancat_exericici (canvis) $ git lga
*   b1d1706 - (0 seconds ago) Merge 'canvi/C' a 'canvis' - Joan Puigcerver (HEAD -> canvis)
|\  
| *   47b307d - (0 seconds ago) Merge 'canvi/B' a 'canvi/C' - Joan Puigcerver (canvi/C)
| |\  
| | *   ab98f7b - (0 seconds ago) Merge 'canvi/A' a 'canvi/B' - Joan Puigcerver (canvi/B)
| | |\  
| | | * 4060f3a - (0 seconds ago) canviA - Joan Puigcerver (canvi/A)
| | * | dc48c81 - (0 seconds ago) Canvi B - Joan Puigcerver
| | |/  
| * / 1c6a633 - (0 seconds ago) Canvi C - Joan Puigcerver
| |/  
* / f872a43 - (0 seconds ago) Canvis - Joan Puigcerver
|/  
* cca01c4 - (0 seconds ago) Commit inicial - Joan Puigcerver (main)
