jpuigcerver@fp:~/git_stash (main) $ git status
On branch main
Changes not staged for commit:
  (use "git add <file>..." to update what will be committed)
  (use "git restore <file>..." to discard changes in working directory)
	modified:   README.md

no changes added to commit (use "git add" and/or "git commit -a")
jpuigcerver@fp:~/git_stash (main) $ git diff
diff --git a/README.md b/README.md
index d6704e3..e23e265 100644
--- a/README.md
+++ b/README.md
@@ -1 +1,2 @@
 # Reserva de canvis
+Canvi A
jpuigcerver@fp:~/git_stash (main) $ git stash -m "Canvi A"
Saved working directory and index state On main: Canvi A
jpuigcerver@fp:~/git_stash (main) $ git status
On branch main
nothing to commit, working tree clean
jpuigcerver@fp:~/git_stash (main) $ git checkout altres_canvis
Switched to branch 'altres_canvis'
jpuigcerver@fp:~/git_stash (altres_canvis) $ git checkout main
Switched to branch 'main'
