jpuigcerver@fp:~/git_branques (menjar) $ git checkout beguda
Switched to branch 'beguda'
jpuigcerver@fp:~/git_branques (beguda) $ echo "Aigua" >> beguda.txt
jpuigcerver@fp:~/git_branques (beguda) $ echo "Orxata" >> beguda.txt
jpuigcerver@fp:~/git_branques (beguda) $ git status
On branch beguda
Untracked files:
  (use "git add <file>..." to include in what will be committed)
	beguda.txt

nothing added to commit but untracked files present (use "git add" to track)
jpuigcerver@fp:~/git_branques (beguda) $ git add beguda.txt
jpuigcerver@fp:~/git_branques (beguda) $ git commit -m "Beguda"
[beguda 7540d67] Beguda
 1 file changed, 2 insertions(+)
 create mode 100644 beguda.txt
jpuigcerver@fp:~/git_branques (beguda) $ git lga
* 7540d67 - (0 seconds ago) Beguda - Joan Puigcerver (HEAD -> beguda)
| * a7ef672 - (0 seconds ago) Menjar - Joan Puigcerver (menjar)
|/  
* ec4c927 - (0 seconds ago) Commit inicial - Joan Puigcerver (neteja, main)
