jpuigcerver@fp:~/git_branques (fruita) $ git checkout verdura
Switched to branch 'verdura'
jpuigcerver@fp:~/git_branques (verdura) $ echo "Tomaques" >> menjar.txt
jpuigcerver@fp:~/git_branques (verdura) $ echo "Creïlles" >> menjar.txt
jpuigcerver@fp:~/git_branques (verdura) $ git status
On branch verdura
Changes not staged for commit:
  (use "git add <file>..." to update what will be committed)
  (use "git restore <file>..." to discard changes in working directory)
	modified:   menjar.txt

no changes added to commit (use "git add" and/or "git commit -a")
jpuigcerver@fp:~/git_branques (verdura) $ git add menjar.txt
jpuigcerver@fp:~/git_branques (verdura) $ git commit -m "Verdura"
[verdura e4cfd4d] Verdura
 1 file changed, 2 insertions(+)
jpuigcerver@fp:~/git_branques (verdura) $ git lga
* e4cfd4d - (0 seconds ago) Verdura - Joan Puigcerver (HEAD -> verdura)
| * d32e3ba - (1 second ago) Fruta - Joan Puigcerver (fruita)
|/  
*   d71a079 - (1 second ago) Merge branch 'beguda' into 'main' - Joan Puigcerver (main)
|\  
| * 7540d67 - (1 second ago) Beguda - Joan Puigcerver (beguda)
* | a7ef672 - (1 second ago) Menjar - Joan Puigcerver (menjar)
|/  
* ec4c927 - (1 second ago) Commit inicial - Joan Puigcerver
