jpuigcerver@fp:~/git_branques (main) $ git checkout fruita
Switched to branch 'fruita'
jpuigcerver@fp:~/git_branques (fruita) $ echo "Pomes" >> menjar.txt
jpuigcerver@fp:~/git_branques (fruita) $ echo "Bresquilles" >> menjar.txt
jpuigcerver@fp:~/git_branques (fruita) $ git status
On branch fruita
Changes not staged for commit:
  (use "git add <file>..." to update what will be committed)
  (use "git restore <file>..." to discard changes in working directory)
	modified:   menjar.txt

no changes added to commit (use "git add" and/or "git commit -a")
jpuigcerver@fp:~/git_branques (fruita) $ git add menjar.txt
jpuigcerver@fp:~/git_branques (fruita) $ git commit -m "Fruta"
[fruita d32e3ba] Fruta
 1 file changed, 2 insertions(+)
jpuigcerver@fp:~/git_branques (fruita) $ git lga
* d32e3ba - (1 second ago) Fruta - Joan Puigcerver (HEAD -> fruita)
*   d71a079 - (1 second ago) Merge branch 'beguda' into 'main' - Joan Puigcerver (verdura, main)
|\  
| * 7540d67 - (1 second ago) Beguda - Joan Puigcerver (beguda)
* | a7ef672 - (1 second ago) Menjar - Joan Puigcerver (menjar)
|/  
* ec4c927 - (1 second ago) Commit inicial - Joan Puigcerver
