jpuigcerver@fp:~/git_branques (main|MERGING) $ code menjar.txt # (1)!
jpuigcerver@fp:~/git_branques (main|MERGING) $ git add menjar.txt
jpuigcerver@fp:~/git_branques (main|MERGING) $ git status
On branch main
All conflicts fixed but you are still merging.
  (use "git commit" to conclude merge)

Changes to be committed:
	modified:   menjar.txt

jpuigcerver@fp:~/git_branques (main|MERGING) $ git commit -m "Merge branch 'verdura' into 'main'"
[main ce43962] Merge branch 'verdura' into 'main'
jpuigcerver@fp:~/git_branques (main) $ git lga
*   ce43962 - (0 seconds ago) Merge branch 'verdura' into 'main' - Joan Puigcerver (HEAD -> main)
|\  
| * e4cfd4d - (0 seconds ago) Verdura - Joan Puigcerver (verdura)
* | d32e3ba - (1 second ago) Fruta - Joan Puigcerver (fruita)
|/  
*   d71a079 - (1 second ago) Merge branch 'beguda' into 'main' - Joan Puigcerver
|\  
| * 7540d67 - (1 second ago) Beguda - Joan Puigcerver (beguda)
* | a7ef672 - (1 second ago) Menjar - Joan Puigcerver (menjar)
|/  
* ec4c927 - (1 second ago) Commit inicial - Joan Puigcerver
