jpuigcerver@fp:~/git_branques (main) $ git checkout main
Already on 'main'
jpuigcerver@fp:~/git_branques (main) $ git branch desdejuni
jpuigcerver@fp:~/git_branques (main) $ git branch paella
jpuigcerver@fp:~/git_branques (main) $ git lga -3 # (1)!
*   ce43962 - (0 seconds ago) Merge branch 'verdura' into 'main' - Joan Puigcerver (HEAD -> main, paella, desdejuni)
|\  
| * e4cfd4d - (0 seconds ago) Verdura - Joan Puigcerver (verdura)
* | d32e3ba - (1 second ago) Fruta - Joan Puigcerver (fruita)
|/  
