jpuigcerver@fp:~/git_revert (main) $ cat README.md
# Git revert
- Canvi A
- Canvi B
jpuigcerver@fp:~/git_revert (main) $ git lga
* 5ab52e3 - (1 second ago) Revert "Canvi C i D" - Joan Puigcerver (HEAD -> main)
* 54e6def - (1 second ago) Revert "Canvi E" - Joan Puigcerver
* 1e5c1df - (1 second ago) Canvi E - Joan Puigcerver
* 9f735e9 - (1 second ago) Canvi D - Joan Puigcerver
* 3102fd3 - (1 second ago) Canvi C - Joan Puigcerver
* e4b3412 - (1 second ago) Canvi B - Joan Puigcerver
* aef9ebe - (1 second ago) Canvi A - Joan Puigcerver
* 2c18085 - (1 second ago) Commit inicial - Joan Puigcerver
jpuigcerver@fp:~/git_revert (main) $ git revert aef9ebe
Auto-merging README.md
CONFLICT (content): Merge conflict in README.md
error: could not revert aef9ebe... Canvi A
hint: After resolving the conflicts, mark them with
hint: "git add/rm <pathspec>", then run
hint: "git revert --continue".
hint: You can instead skip this commit with "git revert --skip".
hint: To abort and get back to the state before "git revert",
hint: run "git revert --abort".
hint: Disable this message with "git config advice.mergeConflict false"
jpuigcerver@fp:~/git_revert (main|REVERTING) $ git status
On branch main
You are currently reverting commit aef9ebe.
  (fix conflicts and run "git revert --continue")
  (use "git revert --skip" to skip this patch)
  (use "git revert --abort" to cancel the revert operation)

Unmerged paths:
  (use "git restore --staged <file>..." to unstage)
  (use "git add <file>..." to mark resolution)
	both modified:   README.md

no changes added to commit (use "git add" and/or "git commit -a")
jpuigcerver@fp:~/git_revert (main|REVERTING) $ code README.md # (1)!
jpuigcerver@fp:~/git_revert (main|REVERTING) $ cat README.md
# Git revert
- Canvi B
jpuigcerver@fp:~/git_revert (main|REVERTING) $ git diff
diff --cc README.md
index 395c8c6,9f757b1..0000000
--- a/README.md
+++ b/README.md
@@@ -1,3 -1,1 +1,2 @@@
  # Git revert
- - Canvi A
 +- Canvi B
jpuigcerver@fp:~/git_revert (main|REVERTING) $ git add README.md
jpuigcerver@fp:~/git_revert (main|REVERTING) $ git revert --continue --no-edit
[main 41d66b0] Revert "Canvi A"
 1 file changed, 1 deletion(-)
jpuigcerver@fp:~/git_revert (main) $ git lga
* 41d66b0 - (0 seconds ago) Revert "Canvi A" - Joan Puigcerver (HEAD -> main)
* 5ab52e3 - (1 second ago) Revert "Canvi C i D" - Joan Puigcerver
* 54e6def - (1 second ago) Revert "Canvi E" - Joan Puigcerver
* 1e5c1df - (1 second ago) Canvi E - Joan Puigcerver
* 9f735e9 - (1 second ago) Canvi D - Joan Puigcerver
* 3102fd3 - (1 second ago) Canvi C - Joan Puigcerver
* e4b3412 - (1 second ago) Canvi B - Joan Puigcerver
* aef9ebe - (1 second ago) Canvi A - Joan Puigcerver
* 2c18085 - (1 second ago) Commit inicial - Joan Puigcerver
