jpuigcerver@fp:~ $ mkdir -p ~/git_squash
jpuigcerver@fp:~ $ cd ~/git_squash
jpuigcerver@fp:~/git_squash $ git init
Initialized empty Git repository in ~/git_squash/.git/
jpuigcerver@fp:~/git_squash (main) $ git branch -m main
jpuigcerver@fp:~/git_squash (main) $ echo "# Git merge --squash" > README.md
jpuigcerver@fp:~/git_squash (main) $ git add README.md
jpuigcerver@fp:~/git_squash (main) $ git commit -m "Commit inicial"
[main (root-commit) 863c0b2] Commit inicial
 1 file changed, 1 insertion(+)
 create mode 100644 README.md
jpuigcerver@fp:~/git_squash (main) $ git checkout -b canvis
Switched to a new branch 'canvis'
jpuigcerver@fp:~/git_squash (canvis) $ echo "- Canvi A" >> README.md
jpuigcerver@fp:~/git_squash (canvis) $ git commit -a -m "Canvi A"
[canvis b460f08] Canvi A
 1 file changed, 1 insertion(+)
jpuigcerver@fp:~/git_squash (canvis) $ echo "- Canvi B" >> README.md
jpuigcerver@fp:~/git_squash (canvis) $ git commit -a -m "Canvi B"
[canvis 58d9407] Canvi B
 1 file changed, 1 insertion(+)
jpuigcerver@fp:~/git_squash (canvis) $ echo "- Canvi C" >> README.md
jpuigcerver@fp:~/git_squash (canvis) $ git commit -a -m "Canvi C"
[canvis 824cb01] Canvi C
 1 file changed, 1 insertion(+)
jpuigcerver@fp:~/git_squash (canvis) $ git lga
* 824cb01 - (0 seconds ago) Canvi C - Joan Puigcerver (HEAD -> canvis)
* 58d9407 - (0 seconds ago) Canvi B - Joan Puigcerver
* b460f08 - (0 seconds ago) Canvi A - Joan Puigcerver
* 863c0b2 - (0 seconds ago) Commit inicial - Joan Puigcerver (main)
