pau@fp:~/git_estrategies/pau (feature/license) $ git checkout develop
Your branch is up to date with 'origin/develop'.
Switched to branch 'develop'
pau@fp:~/git_estrategies/pau (develop) $ git merge --squash --ff-only feature/license
Updating 2bc4029..5b6d510
Fast-forward
Squash commit -- not updating HEAD
 LICENSE | 5 +++++
 1 file changed, 5 insertions(+)
 create mode 100644 LICENSE
pau@fp:~/git_estrategies/pau (develop) $ git status
On branch develop
Your branch is up to date with 'origin/develop'.

Changes to be committed:
  (use "git restore --staged <file>..." to unstage)
	new file:   LICENSE

pau@fp:~/git_estrategies/pau (develop) $ git diff --staged
diff --git a/LICENSE b/LICENSE
new file mode 100644
index 0000000..809d714
--- /dev/null
+++ b/LICENSE
@@ -0,0 +1,5 @@
+
+## Llicència
+CC BY-NC-SA 4.0 DEED - Reconeixement-NoComercial-CompartirIgual 4.0 Internacional
+
+Més informació: https://creativecommons.org/licenses/by-nc-sa/4.0/deed.ca
pau@fp:~/git_estrategies/pau (develop) $ git commit -m "Merge branch 'feature/license'"
[develop b7bf0a5] Merge branch 'feature/license'
 1 file changed, 5 insertions(+)
 create mode 100644 LICENSE
pau@fp:~/git_estrategies/pau (develop) $ git lga
* b7bf0a5 - (0 seconds ago) Merge branch 'feature/license' - Pau (HEAD -> develop)
| *   5b6d510 - (0 seconds ago) Merge branch 'develop' into feature/license - Pau (feature/license)
| |\  
| |/  
|/|   
* | 2bc4029 - (1 second ago) Merge branch 'feature/readme' - Anna (origin/develop)
| * c213387 - (2 seconds ago) LICENSE: Enllaç a la llicència - Pau (origin/feature/license)
| * b11b498 - (2 seconds ago) LICENSE: Afegida llicència - Pau
|/  
| * a216550 - (2 seconds ago) Autors: Mar - Mar (origin/feature/author)
| * 1d5ba44 - (2 seconds ago) Autors: Pau - Mar
| * 8683319 - (2 seconds ago) Autors: Anna - Mar
| * 24be503 - (2 seconds ago) README.md: Secció d'autors - Mar
|/  
* ec0e2bd - (3 seconds ago) Commit inicial - Joan Puigcerver (origin/main, origin/HEAD, main)
