mar@fp:~/git_estrategies/mar (feature/author) $ git checkout develop
Your branch is up to date with 'origin/develop'.
Switched to branch 'develop'
mar@fp:~/git_estrategies/mar (develop) $ git merge --squash --ff-only feature/author
Updating b7bf0a5..72afb5a
Fast-forward
Squash commit -- not updating HEAD
 README.md | 5 +++++
 1 file changed, 5 insertions(+)
mar@fp:~/git_estrategies/mar (develop) $ git status
On branch develop
Your branch is up to date with 'origin/develop'.

Changes to be committed:
  (use "git restore --staged <file>..." to unstage)
	modified:   README.md

mar@fp:~/git_estrategies/mar (develop) $ git diff --staged
diff --git a/README.md b/README.md
index 9e7f142..416ca41 100644
--- a/README.md
+++ b/README.md
@@ -1,4 +1,9 @@
 # Estratègies de ramificació
+
+## Autors
+- Anna (anna@alu.edu.gva.es)
+- Pau (pau@alu.edu.gva.es)
+- Mar (mar@alu.edu.gva.es)
 Les estratègies de ramificació proporcionen un
 marc de treball organitzat que facilita la col·laboració
 entre diferents desenvolupadors en un mateix projecte
mar@fp:~/git_estrategies/mar (develop) $ git commit -m "Merge branch 'feature/author'"
[develop f9152dc] Merge branch 'feature/author'
 1 file changed, 5 insertions(+)
mar@fp:~/git_estrategies/mar (develop) $ git lga
* f9152dc - (0 seconds ago) Merge branch 'feature/author' - Mar (HEAD -> develop)
| *   72afb5a - (0 seconds ago) Merge branch 'develop' into feature/author - Mar (feature/author)
| |\  
| |/  
|/|   
* | b7bf0a5 - (1 second ago) Merge branch 'feature/license' - Pau (origin/develop)
* | 2bc4029 - (2 seconds ago) Merge branch 'feature/readme' - Anna
| * a216550 - (3 seconds ago) Autors: Mar - Mar (origin/feature/author)
| * 1d5ba44 - (3 seconds ago) Autors: Pau - Mar
| * 8683319 - (3 seconds ago) Autors: Anna - Mar
| * 24be503 - (3 seconds ago) README.md: Secció d'autors - Mar
|/  
* ec0e2bd - (4 seconds ago) Commit inicial - Joan Puigcerver (origin/main, origin/HEAD, main)
