mar@fp:~/git_estrategies $ cd ~/git_estrategies/mar
mar@fp:~/git_estrategies/mar (main) $ git config user.name "Mar"
mar@fp:~/git_estrategies/mar (main) $ git config user.email "mar@alu.edu.gva.es"
mar@fp:~/git_estrategies/mar (main) $ git checkout develop
branch 'develop' set up to track 'origin/develop'.
Switched to a new branch 'develop'
mar@fp:~/git_estrategies/mar (develop) $ git checkout -b feature/author
Switched to a new branch 'feature/author'
mar@fp:~/git_estrategies/mar (feature/author) $ echo "" >> README.md
mar@fp:~/git_estrategies/mar (feature/author) $ echo "## Autors" >> README.md
mar@fp:~/git_estrategies/mar (feature/author) $ git commit -a -m "README.md: Secció d'autors"
[feature/author 24be503] README.md: Secció d'autors
 1 file changed, 2 insertions(+)
mar@fp:~/git_estrategies/mar (feature/author) $ echo "- Anna (anna@alu.edu.gva.es)" >> README.md
mar@fp:~/git_estrategies/mar (feature/author) $ git commit -a -m "Autors: Anna"
[feature/author 8683319] Autors: Anna
 1 file changed, 1 insertion(+)
mar@fp:~/git_estrategies/mar (feature/author) $ echo "- Pau (pau@alu.edu.gva.es)" >> README.md
mar@fp:~/git_estrategies/mar (feature/author) $ git commit -a -m "Autors: Pau"
[feature/author 1d5ba44] Autors: Pau
 1 file changed, 1 insertion(+)
mar@fp:~/git_estrategies/mar (feature/author) $ echo "- Mar (mar@alu.edu.gva.es)" >> README.md
mar@fp:~/git_estrategies/mar (feature/author) $ git commit -a -m "Autors: Mar"
[feature/author a216550] Autors: Mar
 1 file changed, 1 insertion(+)
mar@fp:~/git_estrategies/mar (feature/author) $ git push -u origin feature/author
branch 'feature/author' set up to track 'origin/feature/author'.
To ~/git_estrategies/remot
 * [new branch]      feature/author -> feature/author
mar@fp:~/git_estrategies/mar (feature/author) $ git lga
* a216550 - (0 seconds ago) Autors: Mar - Mar (HEAD -> feature/author, origin/feature/author)
* 1d5ba44 - (0 seconds ago) Autors: Pau - Mar
* 8683319 - (0 seconds ago) Autors: Anna - Mar
* 24be503 - (0 seconds ago) README.md: Secció d'autors - Mar
* ec0e2bd - (1 second ago) Commit inicial - Joan Puigcerver (origin/main, origin/develop, origin/HEAD, main, develop)
