jpuigcerver@fp:~/git_reset $ git reset --hard 8999e85
HEAD is now at 8999e85 Canvi B
jpuigcerver@fp:~/git_reset $ git status
On branch main
nothing to commit, working tree clean
jpuigcerver@fp:~/git_reset $ git lga
* 8999e85 - (0 seconds ago) Canvi B - Joan Puigcerver (HEAD -> main)
* ff64d47 - (0 seconds ago) Canvi A - Joan Puigcerver
* 5f92181 - (0 seconds ago) Commit inicial - Joan Puigcerver
