jpuigcerver@fp:~ $ mkdir -p ~/git_reset
jpuigcerver@fp:~ $ cd ~/git_reset
jpuigcerver@fp:~/git_reset $ git init
Initialized empty Git repository in ~/git_reset/.git/
jpuigcerver@fp:~/git_reset $ git branch -m main
jpuigcerver@fp:~/git_reset $ echo "# Git reset i commit --amend" > README.md
jpuigcerver@fp:~/git_reset $ git add README.md
jpuigcerver@fp:~/git_reset $ git commit -m "Commit inicial"
[main (root-commit) 5f92181] Commit inicial
 1 file changed, 1 insertion(+)
 create mode 100644 README.md
jpuigcerver@fp:~/git_reset $ echo "- Canvi A" >> README.md
jpuigcerver@fp:~/git_reset $ git commit -a -m "Canvi A"
[main ff64d47] Canvi A
 1 file changed, 1 insertion(+)
jpuigcerver@fp:~/git_reset $ echo "- Canvi B" >> README.md
jpuigcerver@fp:~/git_reset $ git commit -a -m "Canvi B"
[main 8999e85] Canvi B
 1 file changed, 1 insertion(+)
jpuigcerver@fp:~/git_reset $ echo "- Canvi C" >> README.md
jpuigcerver@fp:~/git_reset $ git commit -a -m "Canvi C"
[main 99d1cc1] Canvi C
 1 file changed, 1 insertion(+)
jpuigcerver@fp:~/git_reset $ git lga
* 99d1cc1 - (0 seconds ago) Canvi C - Joan Puigcerver (HEAD -> main)
* 8999e85 - (0 seconds ago) Canvi B - Joan Puigcerver
* ff64d47 - (0 seconds ago) Canvi A - Joan Puigcerver
* 5f92181 - (0 seconds ago) Commit inicial - Joan Puigcerver
